CONFIG 2025-06-24 11:12:55,315 [main][Log4J2Logger.java:211] : Logging policy: Log4J2
CONFIG 2025-06-24 11:12:55,469 [main][Log4J2Logger.java:185] : Factory implementations for category GridCoverageFactory:
  org.geotools.coverage.grid.GridCoverageFactory
CONFIG 2025-06-24 11:12:55,826 [main][Log4J2Logger.java:185] : Factory implementations for category FilterFactory:
  org.geotools.filter.FilterFactoryImpl
CONFIG 2025-06-24 11:12:55,855 [main][Log4J2Logger.java:185] : Factory implementations for category StyleFactory:
  org.geotools.styling.StyleFactoryImpl
CONFIG 2025-06-24 11:12:55,863 [main][Log4J2Logger.java:185] : Factory implementations for category FeatureFactory:
  org.geotools.feature.LenientFeatureFactoryImpl
  org.geotools.feature.ValidatingFeatureFactoryImpl
DEBUG 2025-06-24 11:12:56,215 [main][Log4J2Logger.java:216] : Extension lookup 'XStreamPersisterInitializer', prior to bean geoserverExtensions initialisation.
DEBUG 2025-06-24 11:12:56,218 [main][Log4J2Logger.java:216] : Extension lookup 'ExtensionFilter', prior to bean geoserverExtensions initialisation.
DEBUG 2025-06-24 11:12:56,224 [main][Log4J2Logger.java:216] : Extension lookup 'ExtensionProvider', but provided ApplicationContext is unset.
DEBUG 2025-06-24 11:12:56,226 [main][Log4J2Logger.java:216] : Extension lookup 'ExtensionFilter', but provided ApplicationContext is unset.
DEBUG 2025-06-24 11:12:56,292 [main][Log4J2Logger.java:216] : CONFIGURING GEOSERVER LOGGING -------------------------
24 Jun 11:12:56 CONFIG [geoserver.logging] - Log4j 2 configuration set to DEFAULT_LOGGING.xml
24 Jun 11:12:58 CONFIG [org.geoserver] - GeoServer configuration lock is enabled
24 Jun 11:12:59 CONFIG [geoserver.config] - Loading catalog /opt/geoserver/data_dir
24 Jun 11:12:59 CONFIG [config.datadir] - Catalog and configuration loader uses 12 threads out of 12 available cores.
24 Jun 11:13:00 INFO   [geoserver.config] - Read Catalog in 510.2 ms: workspaces: 0, namespaces: 0, styles: 5, stores: 0, resources: 0, layers: 0, layer groups: 0.
24 Jun 11:13:00 CONFIG [config.datadir] - Loading GeoServer config...
24 Jun 11:13:00 CONFIG [config.datadir] - Loaded service 'WMTSInfoImpl-1abf4417:197a1a428ea:-7ffb', enabled
24 Jun 11:13:00 CONFIG [config.datadir] - Loaded service 'WMSInfoImpl-1abf4417:197a1a428ea:-7ffa', enabled
24 Jun 11:13:00 CONFIG [config.datadir] - Loaded service 'WFSInfoImpl-1abf4417:197a1a428ea:-7ff9', enabled
24 Jun 11:13:00 CONFIG [config.datadir] - Loaded service 'WCSInfoImpl-1abf4417:197a1a428ea:-7ff8', enabled
24 Jun 11:13:00 CONFIG [config.datadir] - Loaded service 'WPSInfoImpl-1abf4417:197a1a428ea:-7ff7', enabled
24 Jun 11:13:00 CONFIG [config.datadir] - Loaded service 'csw', enabled
24 Jun 11:13:00 CONFIG [config.datadir] - Catalog and configuration loader uses 12 threads out of 12 available cores.
24 Jun 11:13:00 CONFIG [config.datadir] - Loading workspace services and settings...
24 Jun 11:13:00 CONFIG [config.datadir] - GeoServer config (settings and services) loaded in 405.3 ms
24 Jun 11:13:00 CONFIG [gwc.config] - Will look for 'geowebcache.xml' in directory '/opt/geoserver/data_dir/gwc'.
24 Jun 11:13:00 CONFIG [gwc.config] - Create configuration file '/opt/geoserver/data_dir/gwc/geowebcache.xml' from template jar:file:/usr/local/tomcat/webapps/geoserver/WEB-INF/lib/gwc-core-1.27.1.jar!/geowebcache_empty.xml
24 Jun 11:13:00 WARN   [config.XMLConfiguration] - GWC configuration validation error: cvc-elt.1.a: Cannot find the declaration of element 'gwcConfiguration'.
24 Jun 11:13:00 WARN   [config.XMLConfiguration] - Will try to use configuration anyway. Please check the order of declared elements against the schema.
24 Jun 11:13:00 CONFIG [config.XMLConfiguration] - Initializing GridSets from /opt/geoserver/data_dir/gwc
24 Jun 11:13:00 CONFIG [config.XMLConfiguration] - Initializing layers from /opt/geoserver/data_dir/gwc
24 Jun 11:13:00 CONFIG [gwc.layer] - Initializing GWC configuration based on GeoServer's Catalog
24 Jun 11:13:00 CONFIG [gwc.layer] - GeoServer TileLayer store base directory is: gwc-layers
24 Jun 11:13:00 CONFIG [gwc.layer] - Loading tile layers from gwc-layers
24 Jun 11:13:00 CONFIG [gwc.layer] - Loaded 0 tile layers in 3.490 ms
24 Jun 11:13:00 CONFIG [storage.BlobStoreAggregator] - BlobStoreConfiguration /opt/geoserver/data_dir/gwc contained no blob store infos.
24 Jun 11:13:00 CONFIG [storage.DefaultStorageFinder] - Found system environment variableGEOWEBCACHE_CACHE_DIR set to /opt/geoserver/data_dir/gwc, using it as the default prefix.
24 Jun 11:13:01 CONFIG [gwc.config] - Initializing GeoServer specific GWC configuration from gwc-gs.xml
24 Jun 11:13:02 INFO   [flow.config] - Loaded control-flow rule: ows.global=100
24 Jun 11:13:02 INFO   [flow.config] - Loaded control-flow rule: ows.wms.getmap=10
24 Jun 11:13:02 INFO   [flow.config] - Loaded control-flow rule: ows.wfs.getfeature.application/msexcel=4
24 Jun 11:13:02 INFO   [flow.config] - Loaded control-flow rule: user=6
24 Jun 11:13:02 INFO   [flow.config] - Loaded control-flow rule: ows.gwc=16
24 Jun 11:13:02 INFO   [flow.config] - Loaded control-flow rule: user.ows.wps.execute=1000/d;30s
24 Jun 11:13:02 INFO   [flow.config] - Loaded control-flow rule: user.ows.wms.getmap=30/s
24 Jun 11:13:02 INFO   [flow.config] - Loaded control-flow rule: ip=10
24 Jun 11:13:02 CONFIG [geoserver.flow] - Control-flow active with 8 flow controllers
24 Jun 11:13:02 INFO   [security.csp] - Creating csp.xml with the default configuration
24 Jun 11:13:02 INFO   [security.csp] - Creating csp_default.xml with the default configuration
24 Jun 11:13:03 CONFIG [geowebcache.GeoWebCacheDispatcher] - Invoked setServletPrefix(gwc)
24 Jun 11:13:03 CONFIG [wms.WMSService] - Will NOT recombine tiles for non-tiling clients.
24 Jun 11:13:03 CONFIG [wms.WMSService] - Will proxy requests to backend that are not getmap or getcapabilities.
24 Jun 11:13:03 CONFIG [gwc.config] - Will look for 'geowebcache-diskquota.xml' in directory '/opt/geoserver/data_dir/gwc'.
24 Jun 11:13:03 CONFIG [gwc.config] - Will look for 'geowebcache-diskquota-jdbc.xml' in directory '/opt/geoserver/data_dir/gwc'.
24 Jun 11:13:03 CONFIG [diskquota.ConfigLoader] - Quota config is: /opt/geoserver/data_dir/gwc/geowebcache-diskquota.xml
24 Jun 11:13:03 CONFIG [diskquota.ConfigLoader] - Quota config is: /opt/geoserver/data_dir/gwc/geowebcache-diskquota.xml
24 Jun 11:13:04 WARN   [turbojpeg.TurboJPEGMapResponse] - The turbo jpeg encoder is available for usage
24 Jun 11:13:04 CONFIG [geoserver.security] - AuthenticationCache Initialized with 1000 Max Entries, 300 seconds idle time, 600 seconds time to live and 3 concurrency level
24 Jun 11:13:04 CONFIG [geoserver.security] - AuthenticationCache Eviction Task created to run every 600 seconds
24 Jun 11:13:04 INFO   [geoserver.monitor] - Monitor extension enabled
24 Jun 11:13:05 CONFIG [geoserver.wps] - Found 7 bindable processes in GeoServer specific processes
24 Jun 11:13:05 CONFIG [geoserver.wps] - Found 89 bindable processes in Deprecated processes
24 Jun 11:13:05 CONFIG [geoserver.wps] - Blacklisting process ras:ConvolveCoverage as the input kernel of type class javax.media.jai.KernelJAI cannot be handled
24 Jun 11:13:05 CONFIG [geoserver.wps] - Blacklisting process ras:RasterZonalStatistics2 as the input zones of type class java.lang.Object cannot be handled
24 Jun 11:13:05 CONFIG [geoserver.wps] - Blacklisting process ras:RasterZonalStatistics2 as the input nodata of type class it.geosolutions.jaiext.range.Range cannot be handled
24 Jun 11:13:05 CONFIG [geoserver.wps] - Blacklisting process ras:RasterZonalStatistics2 as the input rangeData of type class java.lang.Object cannot be handled
24 Jun 11:13:05 CONFIG [geoserver.wps] - Blacklisting process ras:RasterZonalStatistics2 as the output zonal statistics of type interface java.util.List cannot be handled
24 Jun 11:13:05 CONFIG [geoserver.wps] - Found 18 bindable processes in Raster processes
24 Jun 11:13:05 CONFIG [geoserver.wps] - Blacklisting process vec:GroupCandidateSelection as the input groupingAttributes of type class java.lang.Object cannot be handled
24 Jun 11:13:05 CONFIG [geoserver.wps] - Found 31 bindable processes in Vector processes
24 Jun 11:13:05 CONFIG [geoserver.wps] - Found 48 bindable processes in Geometry processes
24 Jun 11:13:05 CONFIG [geoserver.wps] - Found 1 bindable processes in PolygonLabelProcess
24 Jun 11:13:05 CONFIG [geoserver.wps] - Found 1 bindable processes in geo
24 Jun 11:13:05 CONFIG [geoserver.wps] - Found 1 bindable processes in geo
24 Jun 11:13:08 CONFIG [diskquota.ConfigLoader] - Quota config is: /opt/geoserver/data_dir/gwc/geowebcache-diskquota.xml
24 Jun 11:13:08 CONFIG [diskquota.DiskQuotaMonitor] - Setting up disk quota periodic enforcement task
24 Jun 11:13:08 CONFIG [diskquota.DiskQuotaMonitor] - 0 layers configured with their own quotas. 
24 Jun 11:13:08 CONFIG [diskquota.DiskQuotaMonitor] - 0 layers attached to global quota 20.0 GB
24 Jun 11:13:08 CONFIG [diskquota.DiskQuotaMonitor] - Disk quota periodic enforcement task set up every 5 SECONDS
24 Jun 11:13:12 INFO   [geoserver.security] - Strong cryptography is available
24 Jun 11:13:13 CONFIG [geoserver.security] - Start reloading user/groups for service named default
24 Jun 11:13:13 CONFIG [geoserver.security] - Reloading user/groups successful for service named default
24 Jun 11:13:13 INFO   [geoserver.security] - Start encrypting configuration passwords using strongPbePasswordEncoder
24 Jun 11:13:14 INFO   [geoserver.security] - End encrypting configuration passwords
24 Jun 11:13:15 INFO   [config.XMLConfiguration] - Wrote configuration to /opt/geoserver/data_dir/gwc
24 Jun 11:14:07 CONFIG [gwc.layer] - GeoServer TileLayer store base directory is: gwc-layers
24 Jun 11:14:07 CONFIG [gwc.layer] - Loading tile layers from gwc-layers
24 Jun 11:14:07 CONFIG [gwc.layer] - Loaded 0 tile layers in 1.642 ms
24 Jun 11:14:07 CONFIG [gwc.layer] - GeoServer TileLayer store base directory is: gwc-layers
24 Jun 11:14:07 CONFIG [gwc.layer] - Loading tile layers from gwc-layers
24 Jun 11:14:07 CONFIG [gwc.layer] - Loaded 0 tile layers in 1.535 ms
24 Jun 11:14:07 INFO   [jdbc.JDBCQuotaStore] - Closing up the JDBC quota store 
24 Jun 11:14:07 WARN   [support.DisposableBeanAdapter] - Custom destroy method 'destroy' on bean with name 'gwcMemoryBlobStore' threw an exception: java.util.concurrent.RejectedExecutionException: Task java.util.concurrent.FutureTask@43c5b48e[Not completed, task = org.geowebcache.storage.blobstore.memory.MemoryBlobStore$BlobStoreTask@5ab82c40] rejected from java.util.concurrent.ThreadPoolExecutor@76abe7e6[Terminated, pool size = 0, active threads = 0, queued tasks = 0, completed tasks = 1]
24 Jun 11:14:07 INFO   [geoserver.logging] - Beginning GeoServer cleanup sequence
CONFIG 2025-06-24 11:31:03,488 [main][Log4J2Logger.java:211] : Logging policy: Log4J2
CONFIG 2025-06-24 11:31:03,625 [main][Log4J2Logger.java:185] : Factory implementations for category GridCoverageFactory:
  org.geotools.coverage.grid.GridCoverageFactory
CONFIG 2025-06-24 11:31:03,875 [main][Log4J2Logger.java:185] : Factory implementations for category FilterFactory:
  org.geotools.filter.FilterFactoryImpl
CONFIG 2025-06-24 11:31:03,894 [main][Log4J2Logger.java:185] : Factory implementations for category StyleFactory:
  org.geotools.styling.StyleFactoryImpl
CONFIG 2025-06-24 11:31:03,902 [main][Log4J2Logger.java:185] : Factory implementations for category FeatureFactory:
  org.geotools.feature.LenientFeatureFactoryImpl
  org.geotools.feature.ValidatingFeatureFactoryImpl
DEBUG 2025-06-24 11:31:04,320 [main][Log4J2Logger.java:216] : Extension lookup 'XStreamPersisterInitializer', prior to bean geoserverExtensions initialisation.
DEBUG 2025-06-24 11:31:04,321 [main][Log4J2Logger.java:216] : Extension lookup 'ExtensionFilter', prior to bean geoserverExtensions initialisation.
DEBUG 2025-06-24 11:31:04,324 [main][Log4J2Logger.java:216] : Extension lookup 'ExtensionProvider', but provided ApplicationContext is unset.
DEBUG 2025-06-24 11:31:04,325 [main][Log4J2Logger.java:216] : Extension lookup 'ExtensionFilter', but provided ApplicationContext is unset.
DEBUG 2025-06-24 11:31:04,352 [main][Log4J2Logger.java:216] : CONFIGURING GEOSERVER LOGGING -------------------------
24 Jun 11:31:04 CONFIG [geoserver.logging] - Log4j 2 configuration set to DEFAULT_LOGGING.xml
24 Jun 11:31:06 CONFIG [org.geoserver] - GeoServer configuration lock is enabled
24 Jun 11:31:07 CONFIG [geoserver.config] - Loading catalog /opt/geoserver/data_dir
24 Jun 11:31:07 CONFIG [config.datadir] - Catalog and configuration loader uses 12 threads out of 12 available cores.
24 Jun 11:31:07 CONFIG [config.datadir] - Loaded style generic
24 Jun 11:31:07 CONFIG [config.datadir] - Loaded style line
24 Jun 11:31:07 CONFIG [config.datadir] - Loaded style point
24 Jun 11:31:07 CONFIG [config.datadir] - Loaded style polygon
24 Jun 11:31:07 CONFIG [config.datadir] - Loaded style raster
24 Jun 11:31:07 INFO   [geoserver.config] - Read Catalog in 144.1 ms: workspaces: 0, namespaces: 0, styles: 5, stores: 0, resources: 0, layers: 0, layer groups: 0.
24 Jun 11:31:07 CONFIG [config.datadir] - Loading GeoServer config...
24 Jun 11:31:07 CONFIG [config.datadir] - Loaded service 'WMTSInfoImpl-1abf4417:197a1a428ea:-7ffb', enabled
24 Jun 11:31:07 CONFIG [config.datadir] - Loaded service 'WMSInfoImpl-1abf4417:197a1a428ea:-7ffa', enabled
24 Jun 11:31:07 CONFIG [config.datadir] - Loaded service 'WFSInfoImpl-1abf4417:197a1a428ea:-7ff9', enabled
24 Jun 11:31:07 CONFIG [config.datadir] - Loaded service 'WCSInfoImpl-1abf4417:197a1a428ea:-7ff8', enabled
24 Jun 11:31:07 CONFIG [config.datadir] - Loaded service 'WPSInfoImpl-1abf4417:197a1a428ea:-7ff7', enabled
24 Jun 11:31:07 CONFIG [config.datadir] - Loaded service 'csw', enabled
24 Jun 11:31:07 CONFIG [config.datadir] - Catalog and configuration loader uses 12 threads out of 12 available cores.
24 Jun 11:31:07 CONFIG [config.datadir] - Loading workspace services and settings...
24 Jun 11:31:07 CONFIG [config.datadir] - GeoServer config (settings and services) loaded in 266.3 ms
24 Jun 11:31:07 CONFIG [gwc.config] - Will look for 'geowebcache.xml' in directory '/opt/geoserver/data_dir/gwc'.
24 Jun 11:31:08 CONFIG [config.XMLConfiguration] - TileLayerConfiguration file validated fine.
24 Jun 11:31:08 CONFIG [config.XMLConfiguration] - Initializing GridSets from /opt/geoserver/data_dir/gwc
24 Jun 11:31:08 INFO   [config.XMLConfiguration] - Read GridSet InspireCRS84Quad
24 Jun 11:31:08 CONFIG [config.XMLConfiguration] - Initializing layers from /opt/geoserver/data_dir/gwc
24 Jun 11:31:08 CONFIG [gwc.layer] - Initializing GWC configuration based on GeoServer's Catalog
24 Jun 11:31:08 CONFIG [gwc.layer] - GeoServer TileLayer store base directory is: gwc-layers
24 Jun 11:31:08 CONFIG [gwc.layer] - Loading tile layers from gwc-layers
24 Jun 11:31:08 CONFIG [gwc.layer] - Loaded 0 tile layers in 3.305 ms
24 Jun 11:31:08 CONFIG [storage.BlobStoreAggregator] - BlobStoreConfiguration /opt/geoserver/data_dir/gwc contained no blob store infos.
24 Jun 11:31:08 CONFIG [storage.DefaultStorageFinder] - Found system environment variableGEOWEBCACHE_CACHE_DIR set to /opt/geoserver/data_dir/gwc, using it as the default prefix.
24 Jun 11:31:08 CONFIG [gwc.config] - Initializing GeoServer specific GWC configuration from gwc-gs.xml
24 Jun 11:31:09 INFO   [flow.config] - Loaded control-flow rule: ows.global=100
24 Jun 11:31:09 INFO   [flow.config] - Loaded control-flow rule: ows.wms.getmap=10
24 Jun 11:31:09 INFO   [flow.config] - Loaded control-flow rule: ows.wfs.getfeature.application/msexcel=4
24 Jun 11:31:09 INFO   [flow.config] - Loaded control-flow rule: user=6
24 Jun 11:31:09 INFO   [flow.config] - Loaded control-flow rule: ows.gwc=16
24 Jun 11:31:09 INFO   [flow.config] - Loaded control-flow rule: user.ows.wps.execute=1000/d;30s
24 Jun 11:31:09 INFO   [flow.config] - Loaded control-flow rule: user.ows.wms.getmap=30/s
24 Jun 11:31:09 INFO   [flow.config] - Loaded control-flow rule: ip=10
24 Jun 11:31:09 CONFIG [geoserver.flow] - Control-flow active with 8 flow controllers
24 Jun 11:31:09 CONFIG [geowebcache.GeoWebCacheDispatcher] - Invoked setServletPrefix(gwc)
24 Jun 11:31:09 CONFIG [wms.WMSService] - Will NOT recombine tiles for non-tiling clients.
24 Jun 11:31:09 CONFIG [wms.WMSService] - Will proxy requests to backend that are not getmap or getcapabilities.
24 Jun 11:31:09 CONFIG [gwc.config] - Will look for 'geowebcache-diskquota.xml' in directory '/opt/geoserver/data_dir/gwc'.
24 Jun 11:31:09 CONFIG [gwc.config] - Will look for 'geowebcache-diskquota-jdbc.xml' in directory '/opt/geoserver/data_dir/gwc'.
24 Jun 11:31:09 CONFIG [diskquota.ConfigLoader] - Quota config is: /opt/geoserver/data_dir/gwc/geowebcache-diskquota.xml
24 Jun 11:31:09 CONFIG [diskquota.ConfigLoader] - Quota config is: /opt/geoserver/data_dir/gwc/geowebcache-diskquota.xml
24 Jun 11:31:10 WARN   [turbojpeg.TurboJPEGMapResponse] - The turbo jpeg encoder is available for usage
24 Jun 11:31:11 CONFIG [geoserver.security] - AuthenticationCache Initialized with 1000 Max Entries, 300 seconds idle time, 600 seconds time to live and 3 concurrency level
24 Jun 11:31:11 CONFIG [geoserver.security] - AuthenticationCache Eviction Task created to run every 600 seconds
24 Jun 11:31:11 INFO   [geoserver.monitor] - Monitor extension enabled
24 Jun 11:31:11 CONFIG [geoserver.wps] - Found 7 bindable processes in GeoServer specific processes
24 Jun 11:31:11 CONFIG [geoserver.wps] - Found 89 bindable processes in Deprecated processes
24 Jun 11:31:11 CONFIG [geoserver.wps] - Blacklisting process ras:ConvolveCoverage as the input kernel of type class javax.media.jai.KernelJAI cannot be handled
24 Jun 11:31:11 CONFIG [geoserver.wps] - Blacklisting process ras:RasterZonalStatistics2 as the input zones of type class java.lang.Object cannot be handled
24 Jun 11:31:11 CONFIG [geoserver.wps] - Blacklisting process ras:RasterZonalStatistics2 as the input nodata of type class it.geosolutions.jaiext.range.Range cannot be handled
24 Jun 11:31:11 CONFIG [geoserver.wps] - Blacklisting process ras:RasterZonalStatistics2 as the input rangeData of type class java.lang.Object cannot be handled
24 Jun 11:31:11 CONFIG [geoserver.wps] - Blacklisting process ras:RasterZonalStatistics2 as the output zonal statistics of type interface java.util.List cannot be handled
24 Jun 11:31:11 CONFIG [geoserver.wps] - Found 18 bindable processes in Raster processes
24 Jun 11:31:11 CONFIG [geoserver.wps] - Blacklisting process vec:GroupCandidateSelection as the input groupingAttributes of type class java.lang.Object cannot be handled
24 Jun 11:31:11 CONFIG [geoserver.wps] - Found 31 bindable processes in Vector processes
24 Jun 11:31:11 CONFIG [geoserver.wps] - Found 48 bindable processes in Geometry processes
24 Jun 11:31:11 CONFIG [geoserver.wps] - Found 1 bindable processes in PolygonLabelProcess
24 Jun 11:31:11 CONFIG [geoserver.wps] - Found 1 bindable processes in geo
24 Jun 11:31:11 CONFIG [geoserver.wps] - Found 1 bindable processes in geo
24 Jun 11:31:14 CONFIG [diskquota.ConfigLoader] - Quota config is: /opt/geoserver/data_dir/gwc/geowebcache-diskquota.xml
24 Jun 11:31:14 CONFIG [diskquota.DiskQuotaMonitor] - Setting up disk quota periodic enforcement task
24 Jun 11:31:14 CONFIG [diskquota.DiskQuotaMonitor] - 0 layers configured with their own quotas. 
24 Jun 11:31:14 CONFIG [diskquota.DiskQuotaMonitor] - 0 layers attached to global quota 20.0 GB
24 Jun 11:31:14 CONFIG [diskquota.DiskQuotaMonitor] - Disk quota periodic enforcement task set up every 5 SECONDS
24 Jun 11:31:15 CONFIG [geoserver.security] - Start reloading user/groups for service named default
24 Jun 11:31:15 CONFIG [geoserver.security] - Reloading user/groups successful for service named default
