/*C96*/SET SCHEMA PUBLIC
DISCONNECT
/*C98*/SET SCHEMA PUBLIC
DISCONNECT
/*C97*/SET SCHEMA PUBLIC
DELETE FROM TILESET WHERE KEY='___GLOBAL_QUOTA___'
INSERT INTO TILESET VALUES('___GLOBAL_QUOTA___',NULL,NULL,NULL,NULL,0)
COMMIT
DISCONNECT
/*C100*/SET SCHEMA PUBLIC
DISCONNECT
/*C99*/SET SCHEMA PUBLIC
DELETE FROM TILESET WHERE KEY='___GLOBAL_QUOTA___'
INSERT INTO TILESET VALUES('___GLOBAL_QUOTA___',NULL,NULL,NULL,NULL,0)
COMMIT
DISCONNECT
/*C102*/SET SCHEMA PUBLIC
DISCONNECT
/*C101*/SET SCHEMA PUBLIC
DELETE FROM TILESET WHERE KEY='___GLOBAL_QUOTA___'
INSERT INTO TILESET VALUES('___GLOBAL_QUOTA___',NULL,NULL,NULL,NULL,0)
COMMIT
DISCONNECT
/*C104*/SET SCHEMA PUBLIC
DISCONNECT
/*C103*/SET SCHEMA PUBLIC
DELETE FROM TILESET WHERE KEY='___GLOBAL_QUOTA___'
INSERT INTO TILESET VALUES('___GLOBAL_QUOTA___',NULL,NULL,NULL,NULL,0)
COMMIT
DISCONNECT
/*C106*/SET SCHEMA PUBLIC
DISCONNECT
/*C105*/SET SCHEMA PUBLIC
DELETE FROM TILESET WHERE KEY='___GLOBAL_QUOTA___'
INSERT INTO TILESET VALUES('___GLOBAL_QUOTA___',NULL,NULL,NULL,NULL,0)
COMMIT
DISCONNECT
/*C107*/SET SCHEMA PUBLIC
DISCONNECT
